// Jest Snapshot v1, https://goo.gl/fbAQLP

exports[`Testing <App /> Renders correctly 1`] = `
<div
  className="grid-container"
>
  <Header />
  <Sidenav
    filters={Object {}}
    handleFilterShowTasks={[Function]}
    toggleNewTaskPopup={[Function]}
  />
  <Main
    filteredTasks={Array []}
    populateEditTask={[Function]}
  />
  <Footer />
</div>
`;
