// Jest Snapshot v1, https://goo.gl/fbAQLP

exports[`Testing <Main /> Renders correctly 1`] = `
<main
  className="main"
>
  <div
    className="column-category"
  >
    <ConnectFunction
      className="task task-category-A"
      key="5cd83df54f87753c84a30fbe"
      task={
        Object {
          "__v": 0,
          "_id": "5cd83df54f87753c84a30fbe",
          "category": "A",
          "completed": false,
          "date": "2019-05-12T15:38:29.122Z",
          "description": "Test description 1",
          "rank": -999,
          "title": "Test title 1",
        }
      }
    />
  </div>
  <div
    className="column-category"
  >
    <ConnectFunction
      className="task task-category-B"
      key="5cd83e0e4f87753c84a30fbf"
      task={
        Object {
          "__v": 0,
          "_id": "5cd83e0e4f87753c84a30fbf",
          "category": "B",
          "completed": true,
          "date": "2019-05-12T15:38:54.955Z",
          "description": "Test description 2",
          "rank": -999,
          "title": "Test title 2",
        }
      }
    />
  </div>
  <div
    className="column-category"
  >
    <ConnectFunction
      className="task task-category-C"
      key="5cd83e5e4f87753c84a30fc0"
      task={
        Object {
          "__v": 0,
          "_id": "5cd83e5e4f87753c84a30fc0",
          "category": "C",
          "completed": false,
          "date": "2019-05-12T15:40:14.325Z",
          "description": "Test description 3",
          "rank": -999,
          "title": "Test title 3",
        }
      }
    />
  </div>
  <div
    className="column-category"
  >
    <ConnectFunction
      className="task task-category-D"
      key="5cd83e5e4f87753c84a30fc0"
      task={
        Object {
          "__v": 0,
          "_id": "5cd83e5e4f87753c84a30fc0",
          "category": "D",
          "completed": false,
          "date": "2019-05-12T15:40:14.325Z",
          "description": "Test description 4",
          "rank": -999,
          "title": "Test title 4",
        }
      }
    />
  </div>
</main>
`;
